src/app/(app)/(user)/exams/[examId]/[subjectId]/[year]/page-fixed.tsx(259,13): error TS2322: Type '(question: UnifiedQuestion) => void' is not assignable to type '(question: Question) => void'.
  Types of parameters 'question' and 'question' are incompatible.
    Type 'Question' is not assignable to type 'UnifiedQuestion'.
      Types of property 'options' are incompatible.
        Type 'string[] | QuestionOption[]' is not assignable to type '{ id: string; text: string; }[]'.
          Type 'string[]' is not assignable to type '{ id: string; text: string; }[]'.
            Type 'string' is not assignable to type '{ id: string; text: string; }'.
src/app/(app)/(user)/exams/[examId]/[subjectId]/page.tsx(15,18): error TS18047: 'params' is possibly 'null'.
src/app/(app)/(user)/exams/[examId]/[subjectId]/page.tsx(16,21): error TS18047: 'params' is possibly 'null'.
src/app/(app)/(user)/exams/[examId]/page.tsx(20,18): error TS18047: 'params' is possibly 'null'.
src/app/(app)/(user)/insights/page.tsx(101,47): error TS2345: Argument of type '{ id: string; text: string; options: string[]; correctAnswer: string; year: number; }[]' is not assignable to parameter of type '{ subject: string; examName: string; pastQuestions: { year: number; questionText: string; }[]; }'.
  Type '{ id: string; text: string; options: string[]; correctAnswer: string; year: number; }[]' is missing the following properties from type '{ subject: string; examName: string; pastQuestions: { year: number; questionText: string; }[]; }': subject, examName, pastQuestions
src/app/(app)/(user)/insights/page.tsx(102,25): error TS2345: Argument of type 'Promise<{ frequentQuestions: { questionText: string; appearedInYears: number[]; topic?: string | undefined; }[]; predictedQuestions: string[]; analysisSummary: string; }>' is not assignable to parameter of type 'SetStateAction<{ frequentQuestions: { questionText: string; appearedInYears: number[]; topic?: string | undefined; }[]; predictedQuestions: string[]; analysisSummary: string; } | null>'.
src/app/(app)/(user)/insights/page.tsx(226,69): error TS2339: Property 'totalQuestions' does not exist on type '{ frequentQuestions: { questionText: string; appearedInYears: number[]; topic?: string | undefined; }[]; predictedQuestions: string[]; analysisSummary: string; }'.
src/app/(app)/(user)/insights/page.tsx(230,69): error TS2339: Property 'uniqueQuestions' does not exist on type '{ frequentQuestions: { questionText: string; appearedInYears: number[]; topic?: string | undefined; }[]; predictedQuestions: string[]; analysisSummary: string; }'.
src/app/(app)/(user)/insights/page.tsx(234,69): error TS2339: Property 'mostFrequentYear' does not exist on type '{ frequentQuestions: { questionText: string; appearedInYears: number[]; topic?: string | undefined; }[]; predictedQuestions: string[]; analysisSummary: string; }'.
src/app/(app)/(user)/insights/page.tsx(256,44): error TS2339: Property 'frequency' does not exist on type '{ questionText: string; appearedInYears: number[]; topic?: string | undefined; }'.
src/app/(app)/(user)/insights/page.tsx(264,35): error TS2339: Property 'correctAnswer' does not exist on type '{ questionText: string; appearedInYears: number[]; topic?: string | undefined; }'.
src/app/(app)/(user)/insights/page.tsx(268,35): error TS2339: Property 'years' does not exist on type '{ questionText: string; appearedInYears: number[]; topic?: string | undefined; }'.
src/app/(app)/(user)/layout.tsx(12,50): error TS2339: Property 'children' does not exist on type '{ ReactNode: any; }'.
src/app/(app)/(user)/layout.tsx(12,64): error TS7008: Member 'ReactNode' implicitly has an 'any' type.
src/app/(app)/(user)/payment/page.tsx(2,10): error TS2300: Duplicate identifier 'useState'.
src/app/(app)/(user)/payment/page.tsx(2,20): error TS2300: Duplicate identifier 'useEffect'.
src/app/(app)/(user)/payment/page.tsx(4,10): error TS2300: Duplicate identifier 'Button'.
src/app/(app)/(user)/payment/page.tsx(5,33): error TS2307: Cannot find module './_components/country-options' or its corresponding type declarations.
src/app/(app)/(user)/payment/page.tsx(6,10): error TS2305: Module '"@/lib/utils"' has no exported member 'generateReferenceKey'.
src/app/(app)/(user)/payment/page.tsx(7,40): error TS2307: Cannot find module '@/config/client' or its corresponding type declarations.
src/app/(app)/(user)/payment/page.tsx(8,10): error TS2300: Duplicate identifier 'getAuth'.
src/app/(app)/(user)/payment/page.tsx(9,10): error TS2300: Duplicate identifier 'httpsCallable'.
src/app/(app)/(user)/payment/page.tsx(10,10): error TS2300: Duplicate identifier 'functions'.
src/app/(app)/(user)/payment/page.tsx(15,17): error TS2300: Duplicate identifier 'useEffect'.
src/app/(app)/(user)/payment/page.tsx(15,28): error TS2300: Duplicate identifier 'useState'.
src/app/(app)/(user)/payment/page.tsx(17,10): error TS2300: Duplicate identifier 'Button'.
src/app/(app)/(user)/payment/page.tsx(18,10): error TS2300: Duplicate identifier 'functions'.
src/app/(app)/(user)/payment/page.tsx(19,10): error TS2300: Duplicate identifier 'getAuth'.
src/app/(app)/(user)/payment/page.tsx(20,10): error TS2300: Duplicate identifier 'httpsCallable'.
src/app/(app)/(user)/payment/page.tsx(112,28): error TS2339: Property 'uid' does not exist on type '{ email: string; name: string; }'.
src/app/(app)/(user)/payment/page.tsx(117,15): error TS2322: Type '"successful"' is not assignable to type '"pending" | "completed" | "failed"'.
src/app/add-neco-exam/page.tsx(5,10): error TS2459: Module '"@/lib/firebase"' declares 'db' locally, but it is not exported.
src/app/debug-firestore/page.tsx(38,18): error TS7006: Parameter 'prev' implicitly has an 'any' type.
src/app/debug-firestore/page.tsx(44,18): error TS7006: Parameter 'prev' implicitly has an 'any' type.
src/app/debug-firestore/page.tsx(50,18): error TS7006: Parameter 'prev' implicitly has an 'any' type.
src/app/debug-firestore/page.tsx(55,18): error TS7006: Parameter 'prev' implicitly has an 'any' type.
src/app/practice/[examId]/[subjectId]/page.tsx(40,9): error TS2322: Type '{ id: string; text: string; options: string[]; answer: string; explanation: any; }[]' is not assignable to type 'Question[]'.
  Type '{ id: string; text: string; options: string[]; answer: string; explanation: any; }' is not assignable to type 'Question'.
    Types of property 'options' are incompatible.
      Type 'string[]' is not assignable to type 'QuestionOption[]'.
        Type 'string' is not assignable to type 'QuestionOption'.
src/app/practice/[examId]/[subjectId]/page.tsx(125,8): error TS2786: 'QuestionCard' cannot be used as a JSX component.
  Its type '({ question, questionNumber, totalQuestions, subject, onNext, onAnswer, }: QuestionCardProps) => void' is not a valid JSX element type.
    Type '({ question, questionNumber, totalQuestions, subject, onNext, onAnswer, }: QuestionCardProps) => void' is not assignable to type '(props: any, deprecatedLegacyContext?: any) => ReactNode'.
      Type 'void' is not assignable to type 'ReactNode'.
src/app/practice/[examId]/[subjectId]/page.tsx(126,9): error TS2719: Type 'Question' is not assignable to type 'Question'. Two different types with this name exist, but they are unrelated.
  Types of property 'options' are incompatible.
    Type 'QuestionOption[]' is not assignable to type 'string[]'.
      Type 'QuestionOption' is not assignable to type 'string'.
src/app/test-firestore/page.tsx(5,10): error TS2459: Module '"@/lib/firebase"' declares 'db' locally, but it is not exported.
src/components/admin/question-upload-form.tsx(155,7): error TS2322: Type 'string | null' is not assignable to type 'string | undefined'.
  Type 'null' is not assignable to type 'string | undefined'.
src/components/admin/question-upload-form.tsx(159,60): error TS2345: Argument of type 'import("C:/Users/spell/Documents/GitHub/PrepMate - Copy/src/types/index").Question' is not assignable to parameter of type 'import("C:/Users/spell/Documents/GitHub/PrepMate - Copy/src/lib/firestore-service").Question'.
  Types of property 'year' are incompatible.
    Type 'number | undefined' is not assignable to type 'number'.
      Type 'undefined' is not assignable to type 'number'.
src/components/admin/question-upload-form.tsx(295,14): error TS2322: Type 'false | void' is not assignable to type 'ReactNode'.
  Type 'void' is not assignable to type 'ReactNode'.
src/components/admin/question-upload-form.tsx(296,14): error TS2322: Type 'false | void' is not assignable to type 'ReactNode'.
  Type 'void' is not assignable to type 'ReactNode'.
src/components/ai/ai-assistant-chat.tsx(138,45): error TS2339: Property 'explanation' does not exist on type 'ExtendedQuestion'.
src/components/auth/auth-form.tsx(84,5): error TS2322: Type 'Resolver<{ email: string; }>' is not assignable to type 'Resolver<{ email: string; name: string; password: string; }, any>'.
  Types of parameters 'options' and 'options' are incompatible.
    Type 'ResolverOptions<{ email: string; name: string; password: string; }>' is not assignable to type 'ResolverOptions<{ email: string; }>'.
      Types of property 'names' are incompatible.
        Type 'requiredKeys<baseObjectOutputType<{ name: ZodString; password: ZodString; email: ZodString; }>>[] | undefined' is not assignable to type '"email"[] | undefined'.
          Type 'requiredKeys<baseObjectOutputType<{ name: ZodString; password: ZodString; email: ZodString; }>>[]' is not assignable to type '"email"[]'.
            Type 'requiredKeys<baseObjectOutputType<{ name: ZodString; password: ZodString; email: ZodString; }>>' is not assignable to type '"email"'.
              Type '"name"' is not assignable to type '"email"'.
src/components/auth/auth-form.tsx(125,29): error TS18047: 'searchParams' is possibly 'null'.
src/components/auth/auth-form.tsx(137,27): error TS18047: 'searchParams' is possibly 'null'.
src/components/layout/admin-layout.tsx(69,89): error TS18047: 'pathname' is possibly 'null'.
src/components/layout/app-layout.tsx(49,29): error TS2339: Property 'icon' does not exist on type 'Exam'.
src/components/layout/app-layout.tsx(84,32): error TS18047: 'pathname' is possibly 'null'.
src/components/layout/protected-route.tsx(20,70): error TS2345: Argument of type 'string | null' is not assignable to parameter of type 'string | number | boolean'.
  Type 'null' is not assignable to type 'string | number | boolean'.
src/components/layout/protected-route.tsx(27,11): error TS18047: 'pathname' is possibly 'null'.
src/components/questions/QuestionCard-fixed.tsx(101,29): error TS2367: This comparison appears to be unintentional because the types 'QuestionOption' and 'string' have no overlap.
src/components/questions/QuestionCard-fixed.tsx(148,34): error TS2367: This comparison appears to be unintentional because the types 'string | null' and 'QuestionOption' have no overlap.
src/components/questions/QuestionCard-fixed.tsx(149,32): error TS2367: This comparison appears to be unintentional because the types 'QuestionOption' and 'string' have no overlap.
src/components/questions/QuestionCard-fixed.tsx(156,53): error TS2345: Argument of type 'QuestionOption' is not assignable to parameter of type 'string'.
src/components/questions/QuestionCard-fixed.tsx(172,27): error TS2322: Type 'QuestionOption' is not assignable to type 'ReactNode'.
src/components/questions/QuestionCard-fixed.tsx(219,9): error TS2322: Type '{ isOpen: boolean; onClose: () => void; question: Question; selectedOption: string | null; isCorrect: boolean | null; }' is not assignable to type 'IntrinsicAttributes & ChatModalProps'.
  Property 'question' does not exist on type 'IntrinsicAttributes & ChatModalProps'.
src/components/questions/QuestionCard.tsx(78,20): error TS2552: Cannot find name 'defaultExplanation'. Did you mean 'setExplanation'?
src/components/questions/QuestionCard.tsx(95,9): error TS2304: Cannot find name 'isQuestionAnswered'.
src/components/questions/QuestionCard.tsx(98,5): error TS2304: Cannot find name 'setSelectedOption'.
src/components/questions/QuestionCard.tsx(101,11): error TS2451: Cannot redeclare block-scoped variable 'isAnswerCorrect'.
src/components/questions/QuestionCard.tsx(101,40): error TS2304: Cannot find name 'question'.
src/components/questions/QuestionCard.tsx(102,72): error TS2304: Cannot find name 'question'.
src/components/questions/QuestionCard.tsx(103,28): error TS2304: Cannot find name 'question'.
src/components/questions/QuestionCard.tsx(103,50): error TS7006: Parameter 'opt' implicitly has an 'any' type.
src/components/questions/QuestionCard.tsx(104,38): error TS2304: Cannot find name 'question'.
src/components/questions/QuestionCard.tsx(109,5): error TS2304: Cannot find name 'onAnswer'.
src/components/questions/QuestionCard.tsx(112,5): error TS2304: Cannot find name 'showFallbackExplanation'.
src/components/questions/QuestionCard.tsx(117,46): error TS2304: Cannot find name 'question'.
src/components/questions/QuestionCard.tsx(120,27): error TS2304: Cannot find name 'question'.
src/components/questions/QuestionCard.tsx(120,49): error TS7006: Parameter 'opt' implicitly has an 'any' type.
src/components/questions/QuestionCard.tsx(122,15): error TS2304: Cannot find name 'question'.
src/components/questions/QuestionCard.tsx(126,9): error TS2451: Cannot redeclare block-scoped variable 'isAnswerCorrect'.
src/components/questions/QuestionCard.tsx(129,31): error TS2304: Cannot find name 'question'.
src/components/questions/QuestionCard.tsx(129,53): error TS7006: Parameter 'opt' implicitly has an 'any' type.
src/components/questions/QuestionCard.tsx(131,50): error TS2304: Cannot find name 'question'.
src/components/questions/QuestionCard.tsx(135,9): error TS2588: Cannot assign to 'isAnswerCorrect' because it is a constant.
src/components/questions/QuestionCard.tsx(138,9): error TS2588: Cannot assign to 'isAnswerCorrect' because it is a constant.
src/components/questions/QuestionCard.tsx(142,7): error TS2588: Cannot assign to 'isAnswerCorrect' because it is a constant.
src/components/questions/QuestionCard.tsx(143,68): error TS2304: Cannot find name 'question'.
src/components/questions/QuestionCard.tsx(149,22): error TS2304: Cannot find name 'question'.
src/components/questions/QuestionCard.tsx(156,5): error TS2304: Cannot find name 'setSelectedOption'.
src/components/questions/QuestionCard.tsx(157,5): error TS2304: Cannot find name 'setIsCorrect'.
src/components/questions/QuestionCard.tsx(158,5): error TS2304: Cannot find name 'onAnswer'.
src/components/questions/QuestionCard.tsx(161,9): error TS2304: Cannot find name 'isRateLimited'.
src/components/questions/QuestionCard.tsx(162,7): error TS2304: Cannot find name 'showFallbackExplanation'.
src/components/questions/QuestionCard.tsx(167,5): error TS2304: Cannot find name 'setIsLoading'.
src/components/questions/QuestionCard.tsx(172,19): error TS2304: Cannot find name 'question'.
src/components/questions/QuestionCard.tsx(175,24): error TS2304: Cannot find name 'question'.
src/components/questions/QuestionCard.tsx(178,7): error TS2552: Cannot find name 'setExplanation'. Did you mean 'aiExplanation'?
src/components/questions/QuestionCard.tsx(184,9): error TS2304: Cannot find name 'setIsRateLimited'.
src/components/questions/QuestionCard.tsx(188,11): error TS2304: Cannot find name 'setIsRateLimited'.
src/components/questions/QuestionCard.tsx(193,7): error TS2304: Cannot find name 'showFallbackExplanation'.
src/components/questions/QuestionCard.tsx(195,7): error TS2304: Cannot find name 'setIsLoading'.
src/components/questions/QuestionCard.tsx(200,5): error TS2304: Cannot find name 'setSelectedOption'.
src/components/questions/QuestionCard.tsx(201,5): error TS2304: Cannot find name 'setIsCorrect'.
src/components/questions/QuestionCard.tsx(202,5): error TS2304: Cannot find name 'setExplanation'.
src/components/questions/QuestionCard.tsx(203,5): error TS2304: Cannot find name 'onNext'.
src/components/questions/QuestionCard.tsx(208,15): error TS2304: Cannot find name 'question'.
src/components/questions/QuestionCard.tsx(209,5): error TS18004: No value exists in scope for the shorthand property 'selectedOption'. Either declare one or provide an initializer.
src/components/questions/QuestionCard.tsx(210,5): error TS18004: No value exists in scope for the shorthand property 'isQuestionAnswered'. Either declare one or provide an initializer.
src/components/questions/QuestionCard.tsx(211,20): error TS2304: Cannot find name 'question'.
src/components/questions/QuestionCard.tsx(214,3): error TS1108: A 'return' statement can only be used within a function body.
src/components/questions/QuestionDisplayFixed.tsx(26,13): error TS2304: Cannot find name 'UnifiedQuestion'.
src/components/questions/QuestionDisplayFixed.tsx(51,51): error TS7006: Parameter 'opt' implicitly has an 'any' type.
src/components/questions/QuestionDisplayFixed.tsx(51,56): error TS7006: Parameter 'index' implicitly has an 'any' type.
src/components/questions/QuestionDisplayFixed.tsx(117,41): error TS7006: Parameter 'opt' implicitly has an 'any' type.
src/components/questions/QuestionDisplayFixed.tsx(117,46): error TS7006: Parameter 'idx' implicitly has an 'any' type.
src/components/questions/QuestionDisplayFixed.tsx(153,43): error TS7006: Parameter 'opt' implicitly has an 'any' type.
src/components/questions/QuestionDisplayFixed.tsx(255,35): error TS7006: Parameter 'option' implicitly has an 'any' type.
src/components/questions/QuestionDisplayFixed.tsx(255,43): error TS7006: Parameter 'index' implicitly has an 'any' type.
src/components/shared/QuestionViewer.tsx(96,9): error TS2322: Type '{ id: string; text: string; options: string[]; answer: string; explanation?: string | undefined; }' is not assignable to type 'Question'.
  Types of property 'options' are incompatible.
    Type 'string[]' is not assignable to type 'QuestionOption[]'.
      Type 'string' is not assignable to type 'QuestionOption'.
src/components/test/firestore-test.tsx(9,38): error TS2349: This expression is not callable.
  Type 'never[]' has no call signatures.
src/components/test/firestore-test.tsx(10,44): error TS2349: This expression is not callable.
  Type 'never[]' has no call signatures.
src/components/test/firestore-test.tsx(11,46): error TS2349: This expression is not callable.
  Type 'never[]' has no call signatures.
src/components/test/firestore-test.tsx(19,32): error TS2339: Property 'isConnected' does not exist on type '{ getAllExams(): Promise<Exam[]>; getExamById(examId: string): Promise<Exam | null>; getSubjectsByExam(examId: string): Promise<Subject[]>; getSubjectById(examId: string, subjectId: string): Promise<...>; getQuestionsBySubject(examId: string, subjectId: string, year?: number | undefined): Promise<...>; getQuestionBy...'.
src/components/test/firestore-test.tsx(74,40): error TS2339: Property 'createExam' does not exist on type '{ getAllExams(): Promise<Exam[]>; getExamById(examId: string): Promise<Exam | null>; getSubjectsByExam(examId: string): Promise<Subject[]>; getSubjectById(examId: string, subjectId: string): Promise<...>; getQuestionsBySubject(examId: string, subjectId: string, year?: number | undefined): Promise<...>; getQuestionBy...'.
src/components/test/firestore-test.tsx(81,43): error TS2339: Property 'createSubject' does not exist on type '{ getAllExams(): Promise<Exam[]>; getExamById(examId: string): Promise<Exam | null>; getSubjectsByExam(examId: string): Promise<Subject[]>; getSubjectById(examId: string, subjectId: string): Promise<...>; getQuestionsBySubject(examId: string, subjectId: string, year?: number | undefined): Promise<...>; getQuestionBy...'.
src/components/test/firestore-test.tsx(102,25): error TS2339: Property 'createMultipleQuestions' does not exist on type '{ getAllExams(): Promise<Exam[]>; getExamById(examId: string): Promise<Exam | null>; getSubjectsByExam(examId: string): Promise<Subject[]>; getSubjectById(examId: string, subjectId: string): Promise<...>; getQuestionsBySubject(examId: string, subjectId: string, year?: number | undefined): Promise<...>; getQuestionBy...'.
src/components/test/firestore-test.tsx(172,25): error TS7006: Parameter 'exam' implicitly has an 'any' type.
src/components/test/firestore-test.tsx(196,30): error TS7006: Parameter 'subject' implicitly has an 'any' type.
src/components/test/firestore-test.tsx(221,31): error TS7006: Parameter 'question' implicitly has an 'any' type.
src/components/test/firestore-test.tsx(221,41): error TS7006: Parameter 'index' implicitly has an 'any' type.
src/components/test/firestore-test.tsx(227,46): error TS7006: Parameter 'option' implicitly has an 'any' type.
src/components/test/firestore-test.tsx(227,54): error TS7006: Parameter 'optIndex' implicitly has an 'any' type.
src/lib/ai-service-client-fixed.ts(84,82): error TS2339: Property 'NEXT_PUBLIC_GOOGLE_API_KEY' does not exist on type '{ readonly GOOGLE_API_KEY: string | undefined; readonly NODE_ENV: "development" | "production" | "test"; }'.
src/lib/ai-service-client.clean.ts(84,82): error TS2339: Property 'NEXT_PUBLIC_GOOGLE_API_KEY' does not exist on type '{ readonly GOOGLE_API_KEY: string | undefined; readonly NODE_ENV: "development" | "production" | "test"; }'.
src/lib/ai-service-client.ts(84,82): error TS2339: Property 'NEXT_PUBLIC_GOOGLE_API_KEY' does not exist on type '{ readonly GOOGLE_API_KEY: string | undefined; readonly NODE_ENV: "development" | "production" | "test"; }'.
src/lib/ai-service.ts(60,23): error TS6234: This expression is not callable because it is a 'get' accessor. Did you mean to use it without '()'?
  Type 'String' has no call signatures.
src/lib/ai-service.ts(80,23): error TS6234: This expression is not callable because it is a 'get' accessor. Did you mean to use it without '()'?
  Type 'String' has no call signatures.
src/lib/ai-service.ts(91,9): error TS2769: No overload matches this call.
  Overload 2 of 3, '(parts: ({ text: string; custom?: Record<string, unknown> | undefined; media?: undefined; toolRequest?: undefined; toolResponse?: undefined; data?: unknown; metadata?: Record<string, unknown> | undefined; } | ... 4 more ... | { ...; })[]): Promise<...>', gave the following error.
    Object literal may only specify known properties, and 'model' does not exist in type '({ text: string; custom?: Record<string, unknown> | undefined; media?: undefined; toolRequest?: undefined; toolResponse?: undefined; data?: unknown; metadata?: Record<string, unknown> | undefined; } | ... 4 more ... | { ...; })[]'.
src/lib/ai-service.ts(104,23): error TS6234: This expression is not callable because it is a 'get' accessor. Did you mean to use it without '()'?
  Type 'String' has no call signatures.
src/lib/firebase-service.ts(136,9): error TS2304: Cannot find name 'db'.
src/lib/firebase-service.ts(141,47): error TS2304: Cannot find name 'db'.
src/lib/firebase-service.ts(158,7): error TS2322: Type 'null' is not assignable to type 'string'.
src/lib/firestore-service.ts(41,3): error TS2300: Duplicate identifier 'options'.
src/lib/firestore-service.ts(44,3): error TS2300: Duplicate identifier 'options'.
src/lib/firestore-service.ts(159,15): error TS2353: Object literal may only specify known properties, and 'order' does not exist in type 'Subject'.
src/lib/firestore-service.ts(184,11): error TS2353: Object literal may only specify known properties, and 'order' does not exist in type 'Subject'.
src/lib/firestore-service.ts(224,9): error TS2353: Object literal may only specify known properties, and 'order' does not exist in type 'Subject'.
src/lib/firestore-service.ts(246,9): error TS2739: Type 'Query<DocumentData, DocumentData>' is missing the following properties from type 'CollectionReference<DocumentData, DocumentData>': id, path, parent
src/scripts/list-chemistry-questions.ts(1,10): error TS2459: Module '"../lib/firebase"' declares 'db' locally, but it is not exported.
src/scripts/migrate-firestore-data.ts(4,10): error TS2459: Module '"../lib/firebase"' declares 'db' locally, but it is not exported.
src/scripts/upload-waec-biology-1993.ts(6,7): error TS2322: Type '({ id: string; text: string; year: number; correctOptionId: string; options: { id: string; text: string; }[]; imageUrl: null; } | { id: string; text: string; year: number; correctOptionId: string; options: { ...; }[]; imageUrl: string; } | undefined)[]' is not assignable to type 'UnifiedQuestion[]'.
  Type '{ id: string; text: string; year: number; correctOptionId: string; options: { id: string; text: string; }[]; imageUrl: null; } | { id: string; text: string; year: number; correctOptionId: string; options: { ...; }[]; imageUrl: string; } | undefined' is not assignable to type 'UnifiedQuestion'.
    Type 'undefined' is not assignable to type 'UnifiedQuestion'.
src/scripts/verify-chemistry-questions.ts(1,10): error TS2459: Module '"@/lib/firebase"' declares 'db' locally, but it is not exported.
src/types/question.ts(31,3): error TS2322: Type '{ options: { id: string; text: string; }[]; id: string; text: string; correctOptionId?: string; answer?: string; explanationFromAI?: string; year?: number; imageUrl?: string; subjectId?: string; examId?: string; createdAt?: any; updatedAt?: any; }' is not assignable to type 'Question'.
  Types of property 'year' are incompatible.
    Type 'number | undefined' is not assignable to type 'number'.
      Type 'undefined' is not assignable to type 'number'.
Users/I553228/Desktop/exam-scaffold/src/app/(app)/exams/[examId]/[subjectId]/[year]/page.tsx(18,18): error TS18047: 'params' is possibly 'null'.
Users/I553228/Desktop/exam-scaffold/src/app/(app)/exams/[examId]/[subjectId]/[year]/page.tsx(19,21): error TS18047: 'params' is possibly 'null'.
Users/I553228/Desktop/exam-scaffold/src/app/(app)/exams/[examId]/[subjectId]/[year]/page.tsx(20,22): error TS18047: 'params' is possibly 'null'.
Users/I553228/Desktop/exam-scaffold/src/app/(app)/exams/[examId]/[subjectId]/page.tsx(15,18): error TS18047: 'params' is possibly 'null'.
Users/I553228/Desktop/exam-scaffold/src/app/(app)/exams/[examId]/[subjectId]/page.tsx(16,21): error TS18047: 'params' is possibly 'null'.
Users/I553228/Desktop/exam-scaffold/src/app/(app)/exams/[examId]/page.tsx(20,18): error TS18047: 'params' is possibly 'null'.
Users/I553228/Desktop/exam-scaffold/src/app/(app)/insights/page.tsx(12,66): error TS2305: Module '"@/lib/firebase-service"' has no exported member 'getAllQuestionsForSubject'.
Users/I553228/Desktop/exam-scaffold/src/app/(app)/insights/page.tsx(88,75): error TS7006: Parameter 'q' implicitly has an 'any' type.
Users/I553228/Desktop/exam-scaffold/src/components/admin/question-upload-form.tsx(14,66): error TS2305: Module '"@/lib/firebase-service"' has no exported member 'addQuestionToFirestore'.
Users/I553228/Desktop/exam-scaffold/src/components/admin/question-upload-form.tsx(240,14): error TS2322: Type 'false | void' is not assignable to type 'ReactNode'.
  Type 'void' is not assignable to type 'ReactNode'.
Users/I553228/Desktop/exam-scaffold/src/components/admin/question-upload-form.tsx(241,14): error TS2322: Type 'false | void' is not assignable to type 'ReactNode'.
  Type 'void' is not assignable to type 'ReactNode'.
Users/I553228/Desktop/exam-scaffold/src/components/auth/auth-form.tsx(84,5): error TS2322: Type 'Resolver<{ email: string; }>' is not assignable to type 'Resolver<{ email: string; name: string; password: string; }, any>'.
  Types of parameters 'options' and 'options' are incompatible.
    Type 'ResolverOptions<{ email: string; name: string; password: string; }>' is not assignable to type 'ResolverOptions<{ email: string; }>'.
      Types of property 'names' are incompatible.
        Type 'requiredKeys<baseObjectOutputType<{ name: ZodString; password: ZodString; email: ZodString; }>>[] | undefined' is not assignable to type '"email"[] | undefined'.
          Type 'requiredKeys<baseObjectOutputType<{ name: ZodString; password: ZodString; email: ZodString; }>>[]' is not assignable to type '"email"[]'.
            Type 'requiredKeys<baseObjectOutputType<{ name: ZodString; password: ZodString; email: ZodString; }>>' is not assignable to type '"email"'.
              Type '"name"' is not assignable to type '"email"'.
Users/I553228/Desktop/exam-scaffold/src/components/auth/auth-form.tsx(125,29): error TS18047: 'searchParams' is possibly 'null'.
Users/I553228/Desktop/exam-scaffold/src/components/auth/auth-form.tsx(133,29): error TS18047: 'searchParams' is possibly 'null'.
Users/I553228/Desktop/exam-scaffold/src/components/layout/app-layout.tsx(6,32): error TS2307: Cannot find module './protected-route' or its corresponding type declarations.
Users/I553228/Desktop/exam-scaffold/src/components/layout/app-layout.tsx(82,40): error TS18047: 'pathname' is possibly 'null'.
Users/I553228/Desktop/exam-scaffold/src/components/layout/app-layout.tsx(112,93): error TS18047: 'pathname' is possibly 'null'.
Users/I553228/Desktop/exam-scaffold/src/components/providers/firebase-provider.tsx(7,10): error TS2305: Module '"@/lib/firebase-service"' has no exported member 'upsertUserProfile'.
Users/I553228/Desktop/exam-scaffold/src/components/providers/firebase-provider.tsx(7,29): error TS2305: Module '"@/lib/firebase-service"' has no exported member 'getUserProfile'.
Users/I553228/Desktop/exam-scaffold/src/lib/firebase-service.ts(1,10): error TS2459: Module '"@/lib/firebase"' declares 'db' locally, but it is not exported.
